[36mvite v8.0.3 [32mbuilding client environment for production...[36m[39m
[2K
transforming...Γ£ô 1727 modules transformed.
rendering chunks...
node.exe : 
[31mΓ£ù[39m Build 
failed in 313ms
At line:1 char:1
+ & "C:\nvm4w\nodejs/n
ode.exe" "C:\nvm4w\nod
ejs/node_modules/npm/b
in/np ...
+ ~~~~~~~~~~~~~~~~~~~~
~~~~~~~~~~~~~~~~~~~~~~
~~~~~~~~~~~~~~~~~~~~~~
~~~~~
    + CategoryInfo    
          : 
NotSpecified: (    
[31mΓ£ù[39m Build fa 
   iled in 
313ms:String)     [], 
RemoteException
    + 
FullyQualifiedError   
 Id : 
NativeCommandErr    or
 
[31merror during 
build:
[31mBuild failed 
with 4 errors:

[31m[MISSING_EXPORT] 
Error:[0m "Github" 
is not exported by "no
de_modules/lucide-reac
t/dist/esm/lucide-reac
t.js".
   [38;5;246mΓò¡[0m
[38;5;246mΓöÇ[0m[38;
5;246m[[0m src/compon
ents/Hero.jsx:1:31 
[38;5;246m][0m
   [38;5;246mΓöé[0m
 [38;5;246m1 Γöé[0m 
[38;5;249mi[0m[38;5
;249mm[0m[38;5;249mp
[0m[38;5;249mo[0m[
38;5;249mr[0m[38;5;2
49mt[0m[38;5;249m [
0m[38;5;249m{[0m[38
;5;249m [0m[38;5;249
mM[0m[38;5;249ma[0m
[38;5;249mi[0m[38;5
;249ml[0m[38;5;249m,
[0m[38;5;249m [0m[
38;5;249mP[0m[38;5;2
49mh[0m[38;5;249mo[
0m[38;5;249mn[0m[38
;5;249me[0m[38;5;249
m,[0m[38;5;249m [0m
[38;5;249mM[0m[38;5
;249ma[0m[38;5;249mp
[0m[38;5;249mP[0m[
38;5;249mi[0m[38;5;2
49mn[0m[38;5;249m,[
0m[38;5;249m [0mGith
ub[38;5;249m,[0m[38
;5;249m [0m[38;5;249
mL[0m[38;5;249mi[0m
[38;5;249mn[0m[38;5
;249mk[0m[38;5;249me
[0m[38;5;249md[0m[
38;5;249mi[0m[38;5;2
49mn[0m[38;5;249m [
0m[38;5;249m}[0m[38
;5;249m [0m[38;5;249
mf[0m[38;5;249mr[0m
[38;5;249mo[0m[38;5
;249mm[0m[38;5;249m 
[0m[38;5;249m"[0m[
38;5;249ml[0m[38;5;2
49mu[0m[38;5;249mc[
0m[38;5;249mi[0m[38
;5;249md[0m[38;5;249
me[0m[38;5;249m-[0m
[38;5;249mr[0m[38;5
;249me[0m[38;5;249ma
[0m[38;5;249mc[0m[
38;5;249mt[0m[38;5;2
49m"[0m[38;5;249m;[
0m
 [38;5;240m  Γöé[0m 
                      
        
ΓöÇΓöÇΓöÇΓö¼ΓöÇΓöÇ  
 [38;5;240m  Γöé[0m 
                      
           
Γò░ΓöÇΓöÇΓöÇΓöÇ 
Missing export
[38;5;246mΓöÇΓöÇΓöÇΓò
»[0m

[31m[MISSING_EXPORT] 
Error:[0m "Linkedin" 
is not exported by "no
de_modules/lucide-reac
t/dist/esm/lucide-reac
t.js".
   [38;5;246mΓò¡[0m
[38;5;246mΓöÇ[0m[38;
5;246m[[0m src/compon
ents/Hero.jsx:1:39 
[38;5;246m][0m
   [38;5;246mΓöé[0m
 [38;5;246m1 Γöé[0m 
[38;5;249mi[0m[38;5
;249mm[0m[38;5;249mp
[0m[38;5;249mo[0m[
38;5;249mr[0m[38;5;2
49mt[0m[38;5;249m [
0m[38;5;249m{[0m[38
;5;249m [0m[38;5;249
mM[0m[38;5;249ma[0m
[38;5;249mi[0m[38;5
;249ml[0m[38;5;249m,
[0m[38;5;249m [0m[
38;5;249mP[0m[38;5;2
49mh[0m[38;5;249mo[
0m[38;5;249mn[0m[38
;5;249me[0m[38;5;249
m,[0m[38;5;249m [0m
[38;5;249mM[0m[38;5
;249ma[0m[38;5;249mp
[0m[38;5;249mP[0m[
38;5;249mi[0m[38;5;2
49mn[0m[38;5;249m,[
0m[38;5;249m [0m[38
;5;249mG[0m[38;5;249
mi[0m[38;5;249mt[0m
[38;5;249mh[0m[38;5
;249mu[0m[38;5;249mb
[0m[38;5;249m,[0m[
38;5;249m [0mLinkedin
[38;5;249m [0m[38;5
;249m}[0m[38;5;249m 
[0m[38;5;249mf[0m[
38;5;249mr[0m[38;5;2
49mo[0m[38;5;249mm[
0m[38;5;249m [0m[38
;5;249m"[0m[38;5;249
ml[0m[38;5;249mu[0m
[38;5;249mc[0m[38;5
;249mi[0m[38;5;249md
[0m[38;5;249me[0m[
38;5;249m-[0m[38;5;2
49mr[0m[38;5;249me[
0m[38;5;249ma[0m[38
;5;249mc[0m[38;5;249
mt[0m[38;5;249m"[0m
[38;5;249m;[0m
 [38;5;240m  Γöé[0m 
                      
                ΓöÇΓöÇ
ΓöÇΓöÇΓö¼ΓöÇΓöÇΓöÇ  
 [38;5;240m  Γöé[0m 
                      
                    
Γò░ΓöÇΓöÇΓöÇΓöÇΓöÇ 
Missing export
[38;5;246mΓöÇΓöÇΓöÇΓò
»[0m

[31m[MISSING_EXPORT] 
Error:[0m "Github" 
is not exported by "no
de_modules/lucide-reac
t/dist/esm/lucide-reac
t.js".
   [38;5;246mΓò¡[0m
[38;5;246mΓöÇ[0m[38;
5;246m[[0m src/compon
ents/Skills.jsx:1:43 
[38;5;246m][0m
   [38;5;246mΓöé[0m
 [38;5;246m1 Γöé[0m 
[38;5;249mi[0m[38;5
;249mm[0m[38;5;249mp
[0m[38;5;249mo[0m[
38;5;249mr[0m[38;5;2
49mt[0m[38;5;249m [
0m[38;5;249m{[0m[38
;5;249m [0m[38;5;249
mC[0m[38;5;249mo[0m
[38;5;249md[0m[38;5
;249me[0m[38;5;249m2
[0m[38;5;249m,[0m[
38;5;249m [0m[38;5;2
49mM[0m[38;5;249mo[
0m[38;5;249mn[0m[38
;5;249mi[0m[38;5;249
mt[0m[38;5;249mo[0m
[38;5;249mr[0m[38;5
;249m,[0m[38;5;249m 
[0m[38;5;249mW[0m[
38;5;249mr[0m[38;5;2
49me[0m[38;5;249mn[
0m[38;5;249mc[0m[38
;5;249mh[0m[38;5;249
m,[0m[38;5;249m [0m
[38;5;249mP[0m[38;5
;249ma[0m[38;5;249mc
[0m[38;5;249mk[0m[
38;5;249ma[0m[38;5;2
49mg[0m[38;5;249me[
0m[38;5;249m,[0m[38
;5;249m [0mGithub[38
;5;249m,[0m[38;5;249
m [0m[38;5;249mC[0m
[38;5;249mh[0m[38;5
;249me[0m[38;5;249mc
[0m[38;5;249mk[0m[
38;5;249mC[0m[38;5;2
49mi[0m[38;5;249mr[
0m[38;5;249mc[0m[38
;5;249ml[0m[38;5;249
me[0m[38;5;249m2[0m
[38;5;249m [0m[38;5
;249m}[0m[38;5;249m 
[0m[38;5;249mf[0m[
38;5;249mr[0m[38;5;2
49mo[0m[38;5;249mm[
0m[38;5;249m [0m[38
;5;249m"[0m[38;5;249
ml[0m[38;5;249mu[0m
[38;5;249mc[0m[38;5
;249mi[0m[38;5;249md
[0m[38;5;249me[0m[
38;5;249m-[0m[38;5;2
49mr[0m[38;5;249me[
0m[38;5;249ma[0m[38
;5;249mc[0m[38;5;249
mt[0m[38;5;249m"[0m
[38;5;249m;[0m
 [38;5;240m  Γöé[0m 
                      
                    
ΓöÇΓöÇΓöÇΓö¼ΓöÇΓöÇ  
 [38;5;240m  Γöé[0m 
                      
                      
 Γò░ΓöÇΓöÇΓöÇΓöÇ 
Missing export
[38;5;246mΓöÇΓöÇΓöÇΓò
»[0m

[31m[MISSING_EXPORT] 
Error:[0m "Github" 
is not exported by "no
de_modules/lucide-reac
t/dist/esm/lucide-reac
t.js".
   [38;5;246mΓò¡[0m
[38;5;246mΓöÇ[0m[38;
5;246m[[0m src/compon
ents/Projects.jsx:1:24
 [38;5;246m][0m
   [38;5;246mΓöé[0m
 [38;5;246m1 Γöé[0m 
[38;5;249mi[0m[38;5
;249mm[0m[38;5;249mp
[0m[38;5;249mo[0m[
38;5;249mr[0m[38;5;2
49mt[0m[38;5;249m [
0m[38;5;249m{[0m[38
;5;249m [0m[38;5;249
mE[0m[38;5;249mx[0m
[38;5;249mt[0m[38;5
;249me[0m[38;5;249mr
[0m[38;5;249mn[0m[
38;5;249ma[0m[38;5;2
49ml[0m[38;5;249mL[
0m[38;5;249mi[0m[38
;5;249mn[0m[38;5;249
mk[0m[38;5;249m,[0m
[38;5;249m 
[0mGithub[38;5;249m 
[0m[38;5;249m}[0m[
38;5;249m [0m[38;5;2
49mf[0m[38;5;249mr[
0m[38;5;249mo[0m[38
;5;249mm[0m[38;5;249
m [0m[38;5;249m"[0m
[38;5;249ml[0m[38;5
;249mu[0m[38;5;249mc
[0m[38;5;249mi[0m[
38;5;249md[0m[38;5;2
49me[0m[38;5;249m-[
0m[38;5;249mr[0m[38
;5;249me[0m[38;5;249
ma[0m[38;5;249mc[0m
[38;5;249mt[0m[38;5
;249m"[0m[38;5;249m;
[0m
 [38;5;240m  Γöé[0m 
                      
 ΓöÇΓöÇΓöÇΓö¼ΓöÇΓöÇ  
 [38;5;240m  Γöé[0m 
                      
    Γò░ΓöÇΓöÇΓöÇΓöÇ 
Missing export
[38;5;246mΓöÇΓöÇΓöÇΓò
»[0m
[31m
    at aggregateBindin
gErrorsIntoJsError (fi
le:///D:/project/amit-
portfolio/node_modules
/rolldown/dist/shared/
error-BLhcSyeg.mjs:48:
18)
    at 
unwrapBindingResult (f
ile:///D:/project/amit
-portfolio/node_module
s/rolldown/dist/shared
/error-BLhcSyeg.mjs:18
:128)
    at #build (file://
/D:/project/amit-portf
olio/node_modules/roll
down/dist/shared/rolld
own-build-CPrIX9V6.mjs
:3313:34)
    at async 
buildEnvironment (file
:///D:/project/amit-po
rtfolio/node_modules/v
ite/dist/node/chunks/n
ode.js:32849:64)
    at async 
Object.build (file:///
D:/project/amit-portfo
lio/node_modules/vite/
dist/node/chunks/node.
js:33271:19)
    at async 
Object.buildApp (file:
///D:/project/amit-por
tfolio/node_modules/vi
te/dist/node/chunks/no
de.js:33268:153)
    at async 
CAC.<anonymous> (file:
///D:/project/amit-por
tfolio/node_modules/vi
te/dist/node/cli.js:77
8:3) {
  errors: 
[Getter/Setter]
}[39m
